CMD: /Users/nirvanjhurree19/Desktop/skrubifier/.venv/bin/python /Users/nirvanjhurree19/Desktop/skrubifier/examples/08_spooky_author/harness.py /Users/nirvanjhurree19/Desktop/skrubifier/examples/08_spooky_author/converted_dataops.py
CWD: /Users/nirvanjhurree19/Desktop/skrubifier/examples/08_spooky_author
RETURNCODE: 0
--- STDOUT ---
{"original_metric": 0.9612887312974395, "converted_metric": 0.9612887312974395}

--- STDERR ---
/Users/nirvanjhurree19/Desktop/skrubifier/.venv/lib/python3.10/site-packages/sklearn/linear_model/_logistic.py:1272: FutureWarning: 'multi_class' was deprecated in version 1.5 and will be removed in 1.8. From then on, it will always use 'multinomial'. Leave it to its default value to avoid this warning.
  warnings.warn(
/Users/nirvanjhurree19/Desktop/skrubifier/.venv/lib/python3.10/site-packages/sklearn/linear_model/_logistic.py:1272: FutureWarning: 'multi_class' was deprecated in version 1.5 and will be removed in 1.8. From then on, it will always use 'multinomial'. Leave it to its default value to avoid this warning.
  warnings.warn(
/Users/nirvanjhurree19/Desktop/skrubifier/.venv/lib/python3.10/site-packages/sklearn/linear_model/_logistic.py:1272: FutureWarning: 'multi_class' was deprecated in version 1.5 and will be removed in 1.8. From then on, it will always use 'multinomial'. Leave it to its default value to avoid this warning.
  warnings.warn(
/Users/nirvanjhurree19/Desktop/skrubifier/.venv/lib/python3.10/site-packages/sklearn/linear_model/_logistic.py:1272: FutureWarning: 'multi_class' was deprecated in version 1.5 and will be removed in 1.8. From then on, it will always use 'multinomial'. Leave it to its default value to avoid this warning.
  warnings.warn(
/Users/nirvanjhurree19/Desktop/skrubifier/.venv/lib/python3.10/site-packages/sklearn/linear_model/_logistic.py:1272: FutureWarning: 'multi_class' was deprecated in version 1.5 and will be removed in 1.8. From then on, it will always use 'multinomial'. Leave it to its default value to avoid this warning.
  warnings.warn(
/Users/nirvanjhurree19/Desktop/skrubifier/.venv/lib/python3.10/site-packages/sklearn/linear_model/_logistic.py:1272: FutureWarning: 'multi_class' was deprecated in version 1.5 and will be removed in 1.8. From then on, it will always use 'multinomial'. Leave it to its default value to avoid this warning.
  warnings.warn(
/Users/nirvanjhurree19/Desktop/skrubifier/.venv/lib/python3.10/site-packages/sklearn/linear_model/_logistic.py:1272: FutureWarning: 'multi_class' was deprecated in version 1.5 and will be removed in 1.8. From then on, it will always use 'multinomial'. Leave it to its default value to avoid this warning.
  warnings.warn(
/Users/nirvanjhurree19/Desktop/skrubifier/.venv/lib/python3.10/site-packages/sklearn/linear_model/_logistic.py:1272: FutureWarning: 'multi_class' was deprecated in version 1.5 and will be removed in 1.8. From then on, it will always use 'multinomial'. Leave it to its default value to avoid this warning.
  warnings.warn(

